## ENSEMBL VARIANT EFFECT PREDICTOR v100.1
## Output produced at 2020-06-11 15:28:48
## Connected to homo_sapiens_core_100_37 on ensembldb.ensembl.org
## Using API version 100, DB version 100
## ensembl version 100.7e964b7
## ensembl-funcgen version 100.f0c3948
## ensembl-io version 100.f87ae4f
## ensembl-variation version 100.b220ff4
## assembly version GRCh37.p13
## genebuild version 2011-04
## gencode version GENCODE 19
## refseq version 01_2015
## Column descriptions:
## Uploaded_variation : Identifier of uploaded variant
## Location : Location of variant in standard coordinate format (chr:start or chr:start-end)
## Allele : The variant allele used to calculate the consequence
## Gene : Stable ID of affected gene
## Feature : Stable ID of feature
## Feature_type : Type of feature - Transcript, RegulatoryFeature or MotifFeature
## Consequence : Consequence type
## cDNA_position : Relative position of base pair in cDNA sequence
## CDS_position : Relative position of base pair in coding sequence
## Protein_position : Relative position of amino acid in protein
## Amino_acids : Reference and variant amino acids
## Codons : Reference and variant codon sequence
## Existing_variation : Identifier(s) of co-located known variants
## IMPACT : Subjective impact classification of consequence type
## DISTANCE : Shortest distance from variant to transcript
## STRAND : Strand of the feature (1/-1)
## FLAGS : Transcript quality flags
## REFSEQ_MATCH : RefSeq transcript match status
## REFSEQ_OFFSET : HGVS adjustment length required due to mismatch between RefSeq transcript and the reference genome
## existing_InFrame_oORFs : The number of existing inFrame overlapping ORFs (inFrame oORF) at the 5 prime UTR
## existing_OutOfFrame_oORFs : The number of existing out-of-frame overlapping ORFs (OutOfFrame oORF) at the 5 prime UTR
## existing_uORFs : The number of existing uORFs with a stop codon within the 5 prime UTR
## five_prime_UTR_variant_annotation : Output the annotation of a given 5 prime UTR variant
## five_prime_UTR_variant_consequence : Output the variant consequences of a given 5 prime UTR variant: uAUG_gained, uAUG_lost, uSTOP_lost or uFrameshift
#Uploaded_variation	Location	Allele	Gene	Feature	Feature_type	Consequence	cDNA_position	CDS_position	Protein_position	Amino_acids	Codons	Existing_variation	IMPACT	DISTANCE	STRAND	FLAGS	REFSEQ_MATCH	REFSEQ_OFFSET	existing_InFrame_oORFs	existing_OutOfFrame_oORFs	existing_uORFs	five_prime_UTR_variant_annotation	five_prime_UTR_variant_consequence
5_36877039_CC/A	5:36877039-36877040	A	25836	NM_015384.5	Transcript	5_prime_UTR_variant	169-170	-	-	-	-	-	MODIFIER	-	1	-	rseq_mrna_match	-	0	0	5	uFrameShift_Evidence:False,uFrameShift_KozakContext:GCGATGC,uFrameShift_KozakStrength:Moderate,uFrameShift_alt_type:uORF,uFrameShift_alt_type_length:189,uFrameShift_ref_StartDistanceToCDS:324,uFrameShift_ref_type:uORF,uFrameShift_ref_type_length:15	uFrameShift
5_36877039_CC/A	5:36877039-36877040	A	25836	NM_133433.4	Transcript	5_prime_UTR_variant	169-170	-	-	-	-	-	MODIFIER	-	1	-	rseq_mrna_match	-	0	0	5	uFrameShift_Evidence:False,uFrameShift_KozakContext:GCGATGC,uFrameShift_KozakStrength:Moderate,uFrameShift_alt_type:uORF,uFrameShift_alt_type_length:189,uFrameShift_ref_StartDistanceToCDS:324,uFrameShift_ref_type:uORF,uFrameShift_ref_type_length:15	uFrameShift
5_36877039_CC/A	5:36877039-36877040	A	646719	NR_046262.1	Transcript	upstream_gene_variant	-	-	-	-	-	-	MODIFIER	243	-1	-	rseq_mrna_match	-	-	-	-	-	-
8_21988220_A/G	8:21988220	G	55806	NM_005144.4	Transcript	5_prime_UTR_variant	346	-	-	-	-	-	MODIFIER	-	-1	-	rseq_mrna_match	-	0	1	3	uAUG_lost_CapDistanceToStart:344,uAUG_lost_DistanceToCDS:321,uAUG_lost_DistanceToStop:102,uAUG_lost_Evidence:True,uAUG_lost_KozakContext:CCCATGG,uAUG_lost_KozakStrength:Moderate,uAUG_lost_type:uORF	uAUG_lost
8_21988220_A/G	8:21988220	G	55806	NM_018411.4	Transcript	5_prime_UTR_variant	346	-	-	-	-	-	MODIFIER	-	-1	-	rseq_mrna_match	-	0	1	3	uAUG_lost_CapDistanceToStart:344,uAUG_lost_DistanceToCDS:321,uAUG_lost_DistanceToStop:102,uAUG_lost_Evidence:True,uAUG_lost_KozakContext:CCCATGG,uAUG_lost_KozakStrength:Moderate,uAUG_lost_type:uORF	uAUG_lost
1_113498814_C/T	1:113498814	T	6566	NM_001166496.1	Transcript	upstream_gene_variant	-	-	-	-	-	-	MODIFIER	129	-1	-	rseq_mrna_match	-	-	-	-	-	-
1_113498814_C/T	1:113498814	T	6566	NM_003051.3	Transcript	5_prime_UTR_variant	162	-	-	-	-	-	MODIFIER	-	-1	-	rseq_mrna_nonmatch,rseq_5p_mismatch	-	0	0	2	uAUG_gained_CapDistanceToStart:161,uAUG_gained_DistanceToCDS:202,uAUG_gained_DistanceToStop:24,uAUG_gained_KozakContext:AAAATGG,uAUG_gained_KozakStrength:Strong,uAUG_gained_type:uORF	uAUG_gained
1_113498814_C/T	1:113498814	T	100506392	NR_103743.1	Transcript	upstream_gene_variant	-	-	-	-	-	-	MODIFIER	223	1	-	rseq_mrna_match	-	-	-	-	-	-
1_113498814_C/T	1:113498814	T	100506392	NR_103744.1	Transcript	upstream_gene_variant	-	-	-	-	-	-	MODIFIER	223	1	-	rseq_mrna_match	-	-	-	-	-	-
11_31828462_AA/-	11:31828462-31828463	-	5080	NM_000280.4	Transcript	5_prime_UTR_variant	438-439	-	-	-	-	-	MODIFIER	-	-1	-	rseq_mrna_match	-	0	1	5	uSTOP_lost_AltStop:False,uSTOP_lost_AltStopDistanceToCDS:NA,uSTOP_lost_Evidence:False,uSTOP_lost_FrameWithCDS:outOfFrame,uSTOP_lost_KozakContext:AGGATGC,uSTOP_lost_KozakStrength:Moderate	uSTOP_lost
11_31828462_AA/-	11:31828462-31828463	-	5080	NM_001127612.2	Transcript	5_prime_UTR_variant	352-353	-	-	-	-	-	MODIFIER	-	-1	-	rseq_mrna_match	-	0	1	1	uSTOP_lost_AltStop:False,uSTOP_lost_AltStopDistanceToCDS:NA,uSTOP_lost_Evidence:False,uSTOP_lost_FrameWithCDS:outOfFrame,uSTOP_lost_KozakContext:AGGATGC,uSTOP_lost_KozakStrength:Moderate	uSTOP_lost
11_31828462_AA/-	11:31828462-31828463	-	5080	NM_001258462.2	Transcript	5_prime_UTR_variant	352-353	-	-	-	-	-	MODIFIER	-	-1	-	rseq_mrna_match	-	0	1	1	uSTOP_lost_AltStop:False,uSTOP_lost_AltStopDistanceToCDS:NA,uSTOP_lost_Evidence:False,uSTOP_lost_FrameWithCDS:outOfFrame,uSTOP_lost_KozakContext:AGGATGC,uSTOP_lost_KozakStrength:Moderate	uSTOP_lost
11_31828462_AA/-	11:31828462-31828463	-	5080	NM_001258463.1	Transcript	5_prime_UTR_variant	290-291	-	-	-	-	-	MODIFIER	-	-1	-	rseq_mrna_match	-	0	1	2	uSTOP_lost_AltStop:False,uSTOP_lost_AltStopDistanceToCDS:NA,uSTOP_lost_Evidence:False,uSTOP_lost_FrameWithCDS:outOfFrame,uSTOP_lost_KozakContext:AGGATGC,uSTOP_lost_KozakStrength:Moderate	uSTOP_lost
11_31828462_AA/-	11:31828462-31828463	-	5080	NM_001258464.1	Transcript	5_prime_UTR_variant	340-341	-	-	-	-	-	MODIFIER	-	-1	-	rseq_mrna_match	-	0	1	4	uSTOP_lost_AltStop:False,uSTOP_lost_AltStopDistanceToCDS:NA,uSTOP_lost_Evidence:False,uSTOP_lost_FrameWithCDS:outOfFrame,uSTOP_lost_KozakContext:AGGATGC,uSTOP_lost_KozakStrength:Moderate	uSTOP_lost
11_31828462_AA/-	11:31828462-31828463	-	5080	NM_001258465.2	Transcript	5_prime_UTR_variant	305-306	-	-	-	-	-	MODIFIER	-	-1	-	rseq_mrna_match	-	0	1	1	uSTOP_lost_AltStop:False,uSTOP_lost_AltStopDistanceToCDS:NA,uSTOP_lost_Evidence:False,uSTOP_lost_FrameWithCDS:outOfFrame,uSTOP_lost_KozakContext:AGGATGC,uSTOP_lost_KozakStrength:Moderate	uSTOP_lost
11_31828462_AA/-	11:31828462-31828463	-	5080	NM_001310158.1	Transcript	5_prime_UTR_variant	393-394	-	-	-	-	-	MODIFIER	-	-1	-	rseq_mrna_match	-	0	1	2	uSTOP_lost_AltStop:False,uSTOP_lost_AltStopDistanceToCDS:NA,uSTOP_lost_Evidence:False,uSTOP_lost_FrameWithCDS:outOfFrame,uSTOP_lost_KozakContext:AGGATGC,uSTOP_lost_KozakStrength:Moderate	uSTOP_lost
11_31828462_AA/-	11:31828462-31828463	-	5080	NM_001310159.1	Transcript	5_prime_UTR_variant	11-12	-	-	-	-	-	MODIFIER	-	-1	-	rseq_mrna_match	-	0	1	0	-	-
11_31828462_AA/-	11:31828462-31828463	-	5080	NM_001310160.1	Transcript	upstream_gene_variant	-	-	-	-	-	-	MODIFIER	2677	-1	-	rseq_mrna_match	-	-	-	-	-	-
11_31828462_AA/-	11:31828462-31828463	-	5080	NM_001310161.2	Transcript	upstream_gene_variant	-	-	-	-	-	-	MODIFIER	2855	-1	-	rseq_mrna_match	-	-	-	-	-	-
11_31828462_AA/-	11:31828462-31828463	-	5080	NM_001368887.1	Transcript	5_prime_UTR_variant	430-431	-	-	-	-	-	MODIFIER	-	-1	-	rseq_mrna_match	-	0	1	2	uSTOP_lost_AltStop:False,uSTOP_lost_AltStopDistanceToCDS:NA,uSTOP_lost_Evidence:False,uSTOP_lost_FrameWithCDS:outOfFrame,uSTOP_lost_KozakContext:AGGATGC,uSTOP_lost_KozakStrength:Moderate	uSTOP_lost
11_31828462_AA/-	11:31828462-31828463	-	5080	NM_001368888.1	Transcript	5_prime_UTR_variant	310-311	-	-	-	-	-	MODIFIER	-	-1	-	rseq_mrna_match	-	0	1	2	uSTOP_lost_AltStop:False,uSTOP_lost_AltStopDistanceToCDS:NA,uSTOP_lost_Evidence:False,uSTOP_lost_FrameWithCDS:outOfFrame,uSTOP_lost_KozakContext:AGGATGC,uSTOP_lost_KozakStrength:Moderate	uSTOP_lost
11_31828462_AA/-	11:31828462-31828463	-	5080	NM_001368889.1	Transcript	5_prime_UTR_variant	65-66	-	-	-	-	-	MODIFIER	-	-1	-	rseq_mrna_match	-	0	1	0	-	-
11_31828462_AA/-	11:31828462-31828463	-	5080	NM_001368890.1	Transcript	5_prime_UTR_variant	348-349	-	-	-	-	-	MODIFIER	-	-1	-	rseq_mrna_match	-	0	1	1	uSTOP_lost_AltStop:False,uSTOP_lost_AltStopDistanceToCDS:NA,uSTOP_lost_Evidence:False,uSTOP_lost_FrameWithCDS:outOfFrame,uSTOP_lost_KozakContext:AGGATGC,uSTOP_lost_KozakStrength:Moderate	uSTOP_lost
11_31828462_AA/-	11:31828462-31828463	-	5080	NM_001368891.1	Transcript	5_prime_UTR_variant	344-345	-	-	-	-	-	MODIFIER	-	-1	-	rseq_mrna_match	-	0	1	2	uFrameShift_Evidence:False,uFrameShift_KozakContext:CCTATGC,uFrameShift_KozakStrength:Weak,uFrameShift_alt_type:uORF,uFrameShift_alt_type_length:69,uFrameShift_ref_StartDistanceToCDS:185,uFrameShift_ref_type:uORF,uFrameShift_ref_type_length:75	uFrameShift
11_31828462_AA/-	11:31828462-31828463	-	5080	NM_001368892.1	Transcript	5_prime_UTR_variant	305-306	-	-	-	-	-	MODIFIER	-	-1	-	rseq_mrna_match	-	0	1	1	uSTOP_lost_AltStop:False,uSTOP_lost_AltStopDistanceToCDS:NA,uSTOP_lost_Evidence:False,uSTOP_lost_FrameWithCDS:outOfFrame,uSTOP_lost_KozakContext:AGGATGC,uSTOP_lost_KozakStrength:Moderate	uSTOP_lost
11_31828462_AA/-	11:31828462-31828463	-	5080	NM_001368893.1	Transcript	5_prime_UTR_variant	379-380	-	-	-	-	-	MODIFIER	-	-1	-	rseq_mrna_match	-	0	1	5	uSTOP_lost_AltStop:False,uSTOP_lost_AltStopDistanceToCDS:NA,uSTOP_lost_Evidence:False,uSTOP_lost_FrameWithCDS:outOfFrame,uSTOP_lost_KozakContext:AGGATGC,uSTOP_lost_KozakStrength:Moderate	uSTOP_lost
11_31828462_AA/-	11:31828462-31828463	-	5080	NM_001368894.1	Transcript	5_prime_UTR_variant	407-408	-	-	-	-	-	MODIFIER	-	-1	-	rseq_mrna_match	-	0	1	5	uSTOP_lost_AltStop:False,uSTOP_lost_AltStopDistanceToCDS:NA,uSTOP_lost_Evidence:False,uSTOP_lost_FrameWithCDS:outOfFrame,uSTOP_lost_KozakContext:AGGATGC,uSTOP_lost_KozakStrength:Moderate	uSTOP_lost
11_31828462_AA/-	11:31828462-31828463	-	5080	NM_001368899.1	Transcript	upstream_gene_variant	-	-	-	-	-	-	MODIFIER	3241	-1	-	rseq_mrna_match	-	-	-	-	-	-
11_31828462_AA/-	11:31828462-31828463	-	5080	NM_001368900.1	Transcript	upstream_gene_variant	-	-	-	-	-	-	MODIFIER	3241	-1	-	rseq_mrna_match	-	-	-	-	-	-
11_31828462_AA/-	11:31828462-31828463	-	5080	NM_001368901.1	Transcript	upstream_gene_variant	-	-	-	-	-	-	MODIFIER	2855	-1	-	rseq_mrna_match	-	-	-	-	-	-
11_31828462_AA/-	11:31828462-31828463	-	5080	NM_001368902.1	Transcript	upstream_gene_variant	-	-	-	-	-	-	MODIFIER	3241	-1	-	rseq_mrna_match	-	-	-	-	-	-
11_31828462_AA/-	11:31828462-31828463	-	5080	NM_001368903.1	Transcript	upstream_gene_variant	-	-	-	-	-	-	MODIFIER	3241	-1	-	rseq_mrna_match	-	-	-	-	-	-
11_31828462_AA/-	11:31828462-31828463	-	5080	NM_001368904.1	Transcript	5_prime_UTR_variant	305-306	-	-	-	-	-	MODIFIER	-	-1	-	rseq_mrna_match	-	0	0	4	uSTOP_lost_AltStop:True,uSTOP_lost_AltStopDistanceToCDS:251,uSTOP_lost_Evidence:False,uSTOP_lost_FrameWithCDS:outOfFrame,uSTOP_lost_KozakContext:AGGATGC,uSTOP_lost_KozakStrength:Moderate	uSTOP_lost
11_31828462_AA/-	11:31828462-31828463	-	5080	NM_001368905.1	Transcript	5_prime_UTR_variant	305-306	-	-	-	-	-	MODIFIER	-	-1	-	rseq_mrna_match	-	0	0	12	uSTOP_lost_AltStop:True,uSTOP_lost_AltStopDistanceToCDS:578,uSTOP_lost_Evidence:False,uSTOP_lost_FrameWithCDS:outOfFrame,uSTOP_lost_KozakContext:AGGATGC,uSTOP_lost_KozakStrength:Moderate	uSTOP_lost
11_31828462_AA/-	11:31828462-31828463	-	5080	NM_001368906.1	Transcript	upstream_gene_variant	-	-	-	-	-	-	MODIFIER	913	-1	-	rseq_mrna_match	-	-	-	-	-	-
11_31828462_AA/-	11:31828462-31828463	-	5080	NM_001368907.1	Transcript	upstream_gene_variant	-	-	-	-	-	-	MODIFIER	3241	-1	-	rseq_mrna_match	-	-	-	-	-	-
11_31828462_AA/-	11:31828462-31828463	-	5080	NM_001368908.1	Transcript	upstream_gene_variant	-	-	-	-	-	-	MODIFIER	1873	-1	-	rseq_mrna_match	-	-	-	-	-	-
11_31828462_AA/-	11:31828462-31828463	-	5080	NM_001368909.1	Transcript	intron_variant	-	-	-	-	-	-	MODIFIER	-	-1	-	rseq_mrna_match	-	-	-	-	-	-
11_31828462_AA/-	11:31828462-31828463	-	5080	NM_001368910.1	Transcript	5_prime_UTR_variant	407-408	-	-	-	-	-	MODIFIER	-	-1	-	rseq_mrna_match	-	0	0	5	uSTOP_lost_AltStop:False,uSTOP_lost_AltStopDistanceToCDS:NA,uSTOP_lost_Evidence:False,uSTOP_lost_FrameWithCDS:inFrame,uSTOP_lost_KozakContext:AGGATGC,uSTOP_lost_KozakStrength:Moderate	uSTOP_lost
11_31828462_AA/-	11:31828462-31828463	-	5080	NM_001368911.1	Transcript	intron_variant	-	-	-	-	-	-	MODIFIER	-	-1	-	rseq_mrna_match	-	-	-	-	-	-
11_31828462_AA/-	11:31828462-31828463	-	5080	NM_001368912.1	Transcript	5_prime_UTR_variant	407-408	-	-	-	-	-	MODIFIER	-	-1	-	rseq_mrna_match	-	0	1	5	uSTOP_lost_AltStop:False,uSTOP_lost_AltStopDistanceToCDS:NA,uSTOP_lost_Evidence:False,uSTOP_lost_FrameWithCDS:outOfFrame,uSTOP_lost_KozakContext:AGGATGC,uSTOP_lost_KozakStrength:Moderate	uSTOP_lost
11_31828462_AA/-	11:31828462-31828463	-	5080	NM_001368913.1	Transcript	5_prime_UTR_variant	305-306	-	-	-	-	-	MODIFIER	-	-1	-	rseq_mrna_match	-	0	1	1	uSTOP_lost_AltStop:False,uSTOP_lost_AltStopDistanceToCDS:NA,uSTOP_lost_Evidence:False,uSTOP_lost_FrameWithCDS:outOfFrame,uSTOP_lost_KozakContext:AGGATGC,uSTOP_lost_KozakStrength:Moderate	uSTOP_lost
11_31828462_AA/-	11:31828462-31828463	-	5080	NM_001368914.1	Transcript	5_prime_UTR_variant	309-310	-	-	-	-	-	MODIFIER	-	-1	-	rseq_mrna_match	-	0	1	4	uSTOP_lost_AltStop:False,uSTOP_lost_AltStopDistanceToCDS:NA,uSTOP_lost_Evidence:False,uSTOP_lost_FrameWithCDS:outOfFrame,uSTOP_lost_KozakContext:AGGATGC,uSTOP_lost_KozakStrength:Moderate	uSTOP_lost
11_31828462_AA/-	11:31828462-31828463	-	5080	NM_001368915.1	Transcript	5_prime_UTR_variant	430-431	-	-	-	-	-	MODIFIER	-	-1	-	rseq_mrna_match	-	0	1	2	uSTOP_lost_AltStop:False,uSTOP_lost_AltStopDistanceToCDS:NA,uSTOP_lost_Evidence:False,uSTOP_lost_FrameWithCDS:outOfFrame,uSTOP_lost_KozakContext:AGGATGC,uSTOP_lost_KozakStrength:Moderate	uSTOP_lost
11_31828462_AA/-	11:31828462-31828463	-	5080	NM_001368916.1	Transcript	5_prime_UTR_variant	305-306	-	-	-	-	-	MODIFIER	-	-1	-	rseq_mrna_match	-	0	1	1	uSTOP_lost_AltStop:False,uSTOP_lost_AltStopDistanceToCDS:NA,uSTOP_lost_Evidence:False,uSTOP_lost_FrameWithCDS:outOfFrame,uSTOP_lost_KozakContext:AGGATGC,uSTOP_lost_KozakStrength:Moderate	uSTOP_lost
11_31828462_AA/-	11:31828462-31828463	-	5080	NM_001368917.1	Transcript	5_prime_UTR_variant	407-408	-	-	-	-	-	MODIFIER	-	-1	-	rseq_mrna_match	-	0	1	5	uSTOP_lost_AltStop:False,uSTOP_lost_AltStopDistanceToCDS:NA,uSTOP_lost_Evidence:False,uSTOP_lost_FrameWithCDS:outOfFrame,uSTOP_lost_KozakContext:AGGATGC,uSTOP_lost_KozakStrength:Moderate	uSTOP_lost
11_31828462_AA/-	11:31828462-31828463	-	5080	NM_001368918.1	Transcript	5_prime_UTR_variant	305-306	-	-	-	-	-	MODIFIER	-	-1	-	rseq_mrna_match	-	0	1	1	uSTOP_lost_AltStop:False,uSTOP_lost_AltStopDistanceToCDS:NA,uSTOP_lost_Evidence:False,uSTOP_lost_FrameWithCDS:outOfFrame,uSTOP_lost_KozakContext:AGGATGC,uSTOP_lost_KozakStrength:Moderate	uSTOP_lost
11_31828462_AA/-	11:31828462-31828463	-	5080	NM_001368919.1	Transcript	5_prime_UTR_variant	352-353	-	-	-	-	-	MODIFIER	-	-1	-	rseq_mrna_match	-	0	1	1	uSTOP_lost_AltStop:False,uSTOP_lost_AltStopDistanceToCDS:NA,uSTOP_lost_Evidence:False,uSTOP_lost_FrameWithCDS:outOfFrame,uSTOP_lost_KozakContext:AGGATGC,uSTOP_lost_KozakStrength:Moderate	uSTOP_lost
11_31828462_AA/-	11:31828462-31828463	-	5080	NM_001368920.1	Transcript	5_prime_UTR_variant	305-306	-	-	-	-	-	MODIFIER	-	-1	-	rseq_mrna_match	-	0	1	1	uSTOP_lost_AltStop:False,uSTOP_lost_AltStopDistanceToCDS:NA,uSTOP_lost_Evidence:False,uSTOP_lost_FrameWithCDS:outOfFrame,uSTOP_lost_KozakContext:AGGATGC,uSTOP_lost_KozakStrength:Moderate	uSTOP_lost
11_31828462_AA/-	11:31828462-31828463	-	5080	NM_001368921.1	Transcript	5_prime_UTR_variant	352-353	-	-	-	-	-	MODIFIER	-	-1	-	rseq_mrna_match	-	0	1	1	uSTOP_lost_AltStop:False,uSTOP_lost_AltStopDistanceToCDS:NA,uSTOP_lost_Evidence:False,uSTOP_lost_FrameWithCDS:outOfFrame,uSTOP_lost_KozakContext:AGGATGC,uSTOP_lost_KozakStrength:Moderate	uSTOP_lost
11_31828462_AA/-	11:31828462-31828463	-	5080	NM_001368922.1	Transcript	5_prime_UTR_variant	409-410	-	-	-	-	-	MODIFIER	-	-1	-	rseq_mrna_match	-	0	1	5	uSTOP_lost_AltStop:False,uSTOP_lost_AltStopDistanceToCDS:NA,uSTOP_lost_Evidence:False,uSTOP_lost_FrameWithCDS:outOfFrame,uSTOP_lost_KozakContext:AGGATGC,uSTOP_lost_KozakStrength:Moderate	uSTOP_lost
11_31828462_AA/-	11:31828462-31828463	-	5080	NM_001368923.1	Transcript	5_prime_UTR_variant	352-353	-	-	-	-	-	MODIFIER	-	-1	-	rseq_mrna_match	-	0	1	1	uSTOP_lost_AltStop:False,uSTOP_lost_AltStopDistanceToCDS:NA,uSTOP_lost_Evidence:False,uSTOP_lost_FrameWithCDS:outOfFrame,uSTOP_lost_KozakContext:AGGATGC,uSTOP_lost_KozakStrength:Moderate	uSTOP_lost
11_31828462_AA/-	11:31828462-31828463	-	5080	NM_001368924.1	Transcript	5_prime_UTR_variant	344-345	-	-	-	-	-	MODIFIER	-	-1	-	rseq_mrna_match	-	0	1	2	uFrameShift_Evidence:False,uFrameShift_KozakContext:CCTATGC,uFrameShift_KozakStrength:Weak,uFrameShift_alt_type:uORF,uFrameShift_alt_type_length:69,uFrameShift_ref_StartDistanceToCDS:185,uFrameShift_ref_type:uORF,uFrameShift_ref_type_length:75	uFrameShift
11_31828462_AA/-	11:31828462-31828463	-	5080	NM_001368925.1	Transcript	5_prime_UTR_variant	305-306	-	-	-	-	-	MODIFIER	-	-1	-	rseq_mrna_match	-	0	1	1	uSTOP_lost_AltStop:False,uSTOP_lost_AltStopDistanceToCDS:NA,uSTOP_lost_Evidence:False,uSTOP_lost_FrameWithCDS:outOfFrame,uSTOP_lost_KozakContext:AGGATGC,uSTOP_lost_KozakStrength:Moderate	uSTOP_lost
11_31828462_AA/-	11:31828462-31828463	-	5080	NM_001368926.1	Transcript	5_prime_UTR_variant	309-310	-	-	-	-	-	MODIFIER	-	-1	-	rseq_mrna_match	-	0	1	4	uSTOP_lost_AltStop:False,uSTOP_lost_AltStopDistanceToCDS:NA,uSTOP_lost_Evidence:False,uSTOP_lost_FrameWithCDS:outOfFrame,uSTOP_lost_KozakContext:AGGATGC,uSTOP_lost_KozakStrength:Moderate	uSTOP_lost
11_31828462_AA/-	11:31828462-31828463	-	5080	NM_001368927.1	Transcript	5_prime_UTR_variant	407-408	-	-	-	-	-	MODIFIER	-	-1	-	rseq_mrna_match	-	0	1	5	uSTOP_lost_AltStop:False,uSTOP_lost_AltStopDistanceToCDS:NA,uSTOP_lost_Evidence:False,uSTOP_lost_FrameWithCDS:outOfFrame,uSTOP_lost_KozakContext:AGGATGC,uSTOP_lost_KozakStrength:Moderate	uSTOP_lost
11_31828462_AA/-	11:31828462-31828463	-	5080	NM_001368928.1	Transcript	5_prime_UTR_variant	305-306	-	-	-	-	-	MODIFIER	-	-1	-	rseq_mrna_match	-	0	1	1	uSTOP_lost_AltStop:False,uSTOP_lost_AltStopDistanceToCDS:NA,uSTOP_lost_Evidence:False,uSTOP_lost_FrameWithCDS:outOfFrame,uSTOP_lost_KozakContext:AGGATGC,uSTOP_lost_KozakStrength:Moderate	uSTOP_lost
11_31828462_AA/-	11:31828462-31828463	-	5080	NM_001368929.1	Transcript	upstream_gene_variant	-	-	-	-	-	-	MODIFIER	3241	-1	-	rseq_mrna_match	-	-	-	-	-	-
11_31828462_AA/-	11:31828462-31828463	-	5080	NM_001604.5	Transcript	5_prime_UTR_variant	340-341	-	-	-	-	-	MODIFIER	-	-1	-	rseq_mrna_match	-	0	1	4	uSTOP_lost_AltStop:False,uSTOP_lost_AltStopDistanceToCDS:NA,uSTOP_lost_Evidence:False,uSTOP_lost_FrameWithCDS:outOfFrame,uSTOP_lost_KozakContext:AGGATGC,uSTOP_lost_KozakStrength:Moderate	uSTOP_lost
11_31828462_AA/-	11:31828462-31828463	-	5080	NR_160916.1	Transcript	non_coding_transcript_exon_variant	305-306	-	-	-	-	-	MODIFIER	-	-1	-	rseq_mrna_match	-	-	-	-	-	-
11_31828462_AA/-	11:31828462-31828463	-	5080	NR_160917.1	Transcript	non_coding_transcript_exon_variant	352-353	-	-	-	-	-	MODIFIER	-	-1	-	rseq_mrna_match	-	-	-	-	-	-
4_154125683_-/ATGC	4:154125682-154125683	ATGC	23321	NM_001130067.2	Transcript	intron_variant	-	-	-	-	-	-	MODIFIER	-	1	-	rseq_mrna_match	-	-	-	-	-	-
4_154125683_-/ATGC	4:154125682-154125683	ATGC	23321	NM_001302692.1	Transcript	5_prime_UTR_variant	117-118	-	-	-	-	-	MODIFIER	-	1	-	rseq_mrna_match	-	0	2	0	-	-
4_154125683_-/ATGC	4:154125682-154125683	ATGC	23321	NM_001302693.1	Transcript	5_prime_UTR_variant	117-118	-	-	-	-	-	MODIFIER	-	1	-	rseq_mrna_match	-	0	2	0	-	-
4_154125683_-/ATGC	4:154125682-154125683	ATGC	23321	NM_001351056.2	Transcript	intron_variant	-	-	-	-	-	-	MODIFIER	-	1	-	rseq_mrna_match	-	-	-	-	-	-
4_154125683_-/ATGC	4:154125682-154125683	ATGC	23321	NM_001351057.2	Transcript	5_prime_UTR_variant	88-89	-	-	-	-	-	MODIFIER	-	1	-	rseq_mrna_match	-	0	0	11	uAUG_gained_CapDistanceToStart:88,uAUG_gained_DistanceToCDS:561,uAUG_gained_DistanceToStop:81,uAUG_gained_KozakContext:TCGATGC,uAUG_gained_KozakStrength:Weak,uAUG_gained_type:uORF&uFrameShift_Evidence:False,uFrameShift_KozakContext:TTGATGA,uFrameShift_KozakStrength:Weak,uFrameShift_alt_type:uORF,uFrameShift_alt_type_length:228,uFrameShift_ref_StartDistanceToCDS:636,uFrameShift_ref_type:uORF,uFrameShift_ref_type_length:159&uFrameShift_Evidence:False,uFrameShift_KozakContext:ATAATGG,uFrameShift_KozakStrength:Strong,uFrameShift_alt_type:uORF,uFrameShift_alt_type_length:219,uFrameShift_ref_StartDistanceToCDS:627,uFrameShift_ref_type:uORF,uFrameShift_ref_type_length:150	uAUG_gained&uFrameShift&uFrameShift
4_154125683_-/ATGC	4:154125682-154125683	ATGC	23321	NM_015271.5	Transcript	5_prime_UTR_variant	88-89	-	-	-	-	-	MODIFIER	-	1	-	rseq_mrna_match	-	0	2	0	-	-
